// Jest Snapshot v1, https://goo.gl/fbAQLP

exports[`renders correctly 1`] = `
<div>
  <p>
    Hello Card!
  </p>
  <p>
    Card I18N: 
    <span>
      Today
    </span>
  </p>
  <button>
    Card Redux Action
  </button>
</div>
`;
