// Jest Snapshot v1, https://goo.gl/fbAQLP

exports[`renders correctly 1`] = `
<div>
  <p>
    Hello Toast!
  </p>
  <p>
    Toast I18N: Today
  </p>
  <b>
    Toast Total: 
  </b>
  <button>
    Update!
  </button>
</div>
`;
